Microchip MPLAB XC8 Compiler V2.41

Linker command line:

-W-3 \
  --edf=C:\Program Files\Microchip\xc8\v2.41\pic\dat\20230208172133_en.msgs \
  -cn -h+dist/default/production\DoAn_VDK.X.production.sym \
  --cmf=dist/default/production\DoAn_VDK.X.production.cmf -z -Q16F877A \
  -oC:\Users\ad\AppData\Local\Temp\xcAs8l8.\driver_tmp_3.o \
  --defsym=__MPLAB_BUILD=1 --fixupoverflow=error \
  -Mdist/default/production/DoAn_VDK.X.production.map \
  --md=C:\Users\ad\AppData\Local\Temp\xcAs8l8.\driver_tmp_0.dat -E1 \
  -ver=XC8 Compiler --acfsm=1493 -ACODE=00h-07FFhx4 -ASTRCODE=00h-01FFFh \
  -ASTRING=00h-0FFhx32 -ACONST=00h-0FFhx32 -AENTRY=00h-0FFhx32 \
  -ACOMMON=070h-07Fh -ABANK0=020h-06Fh -ABANK1=0A0h-0EFh \
  -ABANK2=0110h-016Fh -ABANK3=0190h-01EFh \
  -ARAM=020h-06Fh,0A0h-0EFh,0110h-016Fh,0190h-01EFh \
  -AABS1=020h-07Fh,0A0h-0EFh,0110h-016Fh,0190h-01EFh -ASFR0=00h-01Fh \
  -ASFR1=080h-09Fh -ASFR2=0100h-010Fh -ASFR3=0180h-018Fh \
  -ACONFIG=02007h-02007h -DCONFIG=2 -AIDLOC=02000h-02003h -DIDLOC=2 \
  -AEEDATA=00h-0FFh/02100h -peeprom_data=EEDATA -DEEDATA=2 -DCODE=2 \
  -DSTRCODE=2 -DSTRING=2 -DCONST=2 -DENTRY=2 \
  -preset_vec=00h,intentry,init,end_init -ppowerup=CODE -pcinit=CODE \
  -pfunctab=ENTRY -k \
  C:\Users\ad\AppData\Local\Temp\xcAs8l8.\driver_tmp_12.o \
  dist/default/production\DoAn_VDK.X.production.o 

Object code version is 3.11

Machine type is 16F877A



                Name                               Link     Load   Length Selector   Space Scale
C:\Users\ad\AppData\Local\Temp\xcAs8l8.\driver_tmp_12.o
                end_init                              0        0        3        0       0
                config                             2007     2007        1        0       4
                idloc                              2000     2000        4        0       5
dist/default/production\DoAn_VDK.X.production.o
                cinit                               7EB      7EB       15      FD6       0
                config                             2007     2007        1        0       4
                idloc                              2000     2000        4        0       5
                text38                             1D4B     1D4B       32     3A96       0
                text37                             1E94     1E94       53     3D28       0
                text36                             1C26     1C26       16     384C       0
                text35                             1F9C     1F9C       64     3F38       0
                text34                              C2A      C2A      1CF     1854       0
                text33                             1C1B     1C1B        B     3836       0
                text32                              162      162      344      2C4       0
                text31                             1DF4     1DF4       50     3BE8       0
                text30                             1CCD     1CCD       27     399A       0
                text29                              4A6      4A6      345      94C       0
                text28                             15E5     15E5       DA     2BCA       0
                text27                             1226     1226       A2     244C       0
                text26                             1110     1110       78     2220       0
                text25                             12C8     12C8       B8     2590       0
                text24                             1E44     1E44       50     3C88       0
                text23                             1F40     1F40       5C     3E80       0
                text22                              813      813       E9     1026       0
                text21                             1380     1380       C0     2700       0
                text20                              DF9      DF9      207     1BF2       0
                text19                                C        C      156       18       0
                text18                              A6D      A6D      1BD     14DA       0
                text17                             16BF     16BF      141     2D7E       0
                text16                             1188     1188       9E     2310       0
                text15                             1CA8     1CA8       25     3950       0
                text14                             1D1C     1D1C       2F     3A38       0
                text13                             1CF4     1CF4       28     39E8       0
                text12                             1C6D     1C6D       1C     38DA       0
                text11                             1D7D     1D7D       32     3AFA       0
                text10                              803      803       10     1006       0
                text9                              1C3C     1C3C       18     3878       0
                text8                              109A     109A        F     2134       0
                text7                              1C89     1C89       1F     3912       0
                text6                              10A9     10A9       67     2152       0
                text5                              1EE7     1EE7       59     3DCE       0
                text4                              1440     1440       CF     2880       0
                text3                              1C54     1C54       19     38A8       0
                text2                               8FC      8FC      171     11F8       0
                text1                              1DAF     1DAF       45     3B5E       0
                maintext                           150F     150F       D6     2A1E       0
                cstackBANK0                          20       20       4F       20       1
                cstackCOMMON                         70       70        E       70       1
                cstackBANK1                          A0       A0       4A       A0       1
                cstackBANK3                         1A0      1A0        C      190       1
                clrtext                               4        4        8        8       0
                bssBANK3                            190      190       10      190       1
                bssBANK1                             EA       EA        2       A0       1
                bitbssBANK1                         760       EC        1       A0       1     8
                bitbssBANK0                         378       6F        1       20       1     8
                strings                            1000     1000       98     2000       0

TOTAL           Name                               Link     Load   Length     Space
        CLASS   CODE           
                end_init                              0        0        3         0
                cinit                               7EB      7EB       15         0
                text38                             1D4B     1D4B       32         0
                text37                             1E94     1E94       53         0
                text36                             1C26     1C26       16         0
                text35                             1F9C     1F9C       64         0
                text34                              C2A      C2A      1CF         0
                text33                             1C1B     1C1B        B         0
                text32                              162      162      344         0
                text31                             1DF4     1DF4       50         0
                text30                             1CCD     1CCD       27         0
                text29                              4A6      4A6      345         0
                text28                             15E5     15E5       DA         0
                text27                             1226     1226       A2         0
                text26                             1110     1110       78         0
                text25                             12C8     12C8       B8         0
                text24                             1E44     1E44       50         0
                text23                             1F40     1F40       5C         0
                text22                              813      813       E9         0
                text21                             1380     1380       C0         0
                text20                              DF9      DF9      207         0
                text19                                C        C      156         0
                text18                              A6D      A6D      1BD         0
                text17                             16BF     16BF      141         0
                text16                             1188     1188       9E         0
                text15                             1CA8     1CA8       25         0
                text14                             1D1C     1D1C       2F         0
                text13                             1CF4     1CF4       28         0
                text12                             1C6D     1C6D       1C         0
                text11                             1D7D     1D7D       32         0
                text10                              803      803       10         0
                text9                              1C3C     1C3C       18         0
                text8                              109A     109A        F         0
                text7                              1C89     1C89       1F         0
                text6                              10A9     10A9       67         0
                text5                              1EE7     1EE7       59         0
                text4                              1440     1440       CF         0
                text3                              1C54     1C54       19         0
                text2                               8FC      8FC      171         0
                text1                              1DAF     1DAF       45         0
                maintext                           150F     150F       D6         0
                clrtext                               4        4        8         0

        CLASS   STRCODE        

        CLASS   STRING         
                strings                            1000     1000       98         0

        CLASS   CONST          

        CLASS   ENTRY          

        CLASS   COMMON         
                cstackCOMMON                         70       70        E         1

        CLASS   BANK0          
                cstackBANK0                          20       20       4F         1
                bitbssBANK0                         378       6F        1         1

        CLASS   BANK1          
                cstackBANK1                          A0       A0       4A         1
                bssBANK1                             EA       EA        2         1
                bitbssBANK1                         760       EC        1         1

        CLASS   BANK2          

        CLASS   BANK3          
                cstackBANK3                         1A0      1A0        C         1
                bssBANK3                            190      190       10         1

        CLASS   RAM            

        CLASS   ABS1           
                abs_s1                               7E       7E        2         1

        CLASS   SFR0           

        CLASS   SFR1           

        CLASS   SFR2           

        CLASS   SFR3           

        CLASS   CONFIG         
                config                             2007     2007        1         4

        CLASS   IDLOC          
                idloc                              2000     2000        4         5

        CLASS   EEDATA         

        CLASS   STACK          



SEGMENTS        Name                           Load    Length   Top    Selector   Space  Class     Delta

                reset_vec                      000000  000003  000003         0       0  CODE        2
                clrtext                        000004  000008  00000C         8       0  CODE        2
                text19                         00000C  000156  000162        18       0  CODE        2
                cstackBANK0                    000020  000050  000070        20       1  BANK0       1
                cstackCOMMON                   000070  00000E  00007E        70       1  COMMON      1
                cstackBANK1                    0000A0  00004D  0000ED        A0       1  BANK1       1
                bssBANK3                       000190  00001C  0001AC       190       1  BANK3       1
                text32                         000162  000344  0004A6       2C4       0  CODE        2
                text29                         0004A6  000345  0007EB       94C       0  CODE        2
                cinit                          0007EB  000015  000800       FD6       0  CODE        2
                text10                         000803  000010  000813      1006       0  CODE        2
                text22                         000813  0000E9  0008FC      1026       0  CODE        2
                text2                          0008FC  000171  000A6D      11F8       0  CODE        2
                text18                         000A6D  0001BD  000C2A      14DA       0  CODE        2
                text34                         000C2A  0001CF  000DF9      1854       0  CODE        2
                text20                         000DF9  000207  001000      1BF2       0  CODE        2
                strings                        001000  000098  001098      2000       0  STRING      2
                text8                          00109A  00000F  0010A9      2134       0  CODE        2
                text6                          0010A9  000067  001110      2152       0  CODE        2
                text26                         001110  000078  001188      2220       0  CODE        2
                text16                         001188  00009E  001226      2310       0  CODE        2
                text27                         001226  0000A2  0012C8      244C       0  CODE        2
                text25                         0012C8  0000B8  001380      2590       0  CODE        2
                text21                         001380  0000C0  001440      2700       0  CODE        2
                text4                          001440  0000CF  00150F      2880       0  CODE        2
                maintext                       00150F  0000D6  0015E5      2A1E       0  CODE        2
                text28                         0015E5  0000DA  0016BF      2BCA       0  CODE        2
                text17                         0016BF  000141  001800      2D7E       0  CODE        2
                text33                         001C1B  00000B  001C26      3836       0  CODE        2
                text36                         001C26  000016  001C3C      384C       0  CODE        2
                text9                          001C3C  000018  001C54      3878       0  CODE        2
                text3                          001C54  000019  001C6D      38A8       0  CODE        2
                text12                         001C6D  00001C  001C89      38DA       0  CODE        2
                text7                          001C89  00001F  001CA8      3912       0  CODE        2
                text15                         001CA8  000025  001CCD      3950       0  CODE        2
                text30                         001CCD  000027  001CF4      399A       0  CODE        2
                text13                         001CF4  000028  001D1C      39E8       0  CODE        2
                text14                         001D1C  00002F  001D4B      3A38       0  CODE        2
                text38                         001D4B  000032  001D7D      3A96       0  CODE        2
                text11                         001D7D  000032  001DAF      3AFA       0  CODE        2
                text1                          001DAF  000045  001DF4      3B5E       0  CODE        2
                text31                         001DF4  000050  001E44      3BE8       0  CODE        2
                text24                         001E44  000050  001E94      3C88       0  CODE        2
                text37                         001E94  000053  001EE7      3D28       0  CODE        2
                text5                          001EE7  000059  001F40      3DCE       0  CODE        2
                text23                         001F40  00005C  001F9C      3E80       0  CODE        2
                text35                         001F9C  000064  002000      3F38       0  CODE        2


UNUSED ADDRESS RANGES

        Name                Unused          Largest block    Delta
        BANK1            00ED-00EF              3           1
        BANK2            0110-016F             60           1
        BANK3            01AC-01EF             44           1
        CODE             0003-0003              1           2
                         0800-0802              3
                         1098-1099              2
                         1800-1C1A            41B
        CONST            0003-0003              1           2
                         0800-0802              3
                         1098-1099              2
                         1800-1C1A            100
        EEDATA           2100-21FF            100           2
        ENTRY            0003-0003              1           2
                         0800-0802              3
                         1098-1099              2
                         1800-1C1A            100
        RAM              00ED-00EF              3           1
                         0110-016F             60
                         01AC-01EF             44
        SFR0             0000-001F             20           1
        SFR1             0080-009F             20           1
        SFR2             0100-010F             10           1
        SFR3             0180-018F             10           1
        STRCODE          0003-0003              1           2
                         0800-0802              3
                         1098-1099              2
                         1800-1C1A            41B
        STRING           0003-0003              1           2
                         0800-0802              3
                         1098-1099              2
                         1800-1C1A            100

                                  Symbol Table

?_DHT11_start              cstackCOMMON 0070
?_Read_DTH11               cstackCOMMON 0070
?__Umul8_16                cstackCOMMON 0070
?___awdiv                  cstackCOMMON 0070
?___awmod                  cstackCOMMON 0070
?___fladd                  cstackBANK0  0067
?___fldiv                  cstackBANK0  004D
?___flmul                  cstackBANK0  0033
?___flneg                  cstackCOMMON 0070
?___flsub                  cstackBANK1  00AC
?___fltol                  cstackBANK1  00AC
?___wmul                   cstackCOMMON 0070
?___xxtofl                 cstackCOMMON 0070
?_eval_poly                cstackBANK1  00AC
?_exp                      cstackBANK1  00C4
?_floor                    cstackBANK1  00B6
?_frexp                    cstackBANK0  002C
?_ldexp                    cstackBANK1  00BC
?_log                      cstackBANK1  00BC
?_pow                      cstackBANK1  00CF
LCD_Gotoxy@address         cstackCOMMON 0077
LCD_Gotoxy@col             cstackCOMMON 0074
LCD_Gotoxy@row             cstackCOMMON 0076
LCD_PutChar@data           cstackCOMMON 0074
LCD_PutString@s            cstackCOMMON 0075
LCD_Send4Bit@a             cstackCOMMON 0071
LCD_SendCommand@command    cstackCOMMON 0073
PWM_Duty@PWM_freq          cstackBANK3  01A0
PWM_Duty@duty              cstackBANK1  00E4
PWM_init@PWM_freq          cstackBANK3  01A0
Read_DTH11@i               cstackCOMMON 007A
Read_DTH11@ii              cstackCOMMON 0078
_CAPTOCDO                  bssBANK3     019C
_CCP1M2                    (abs)        00BA
_CCP1M3                    (abs)        00BB
_CCP1X                     (abs)        00BD
_CCP1Y                     (abs)        00BC
_CCPR1L                    (abs)        0015
_DATA                      bssBANK3     0190
_DHT11_start               text38       1D4B
_LCD_Clear                 text10       0803
_LCD_Gotoxy                text9        1C3C
_LCD_Init                  text35       1F9C
_LCD_PutChar               text8        109A
_LCD_PutString             text7        1C89
_LCD_Send4Bit              text37       1E94
_LCD_SendCommand           text36       1C26
_PORTC                     (abs)        0007
_PR2                       (abs)        0092
_PWM_Duty                  text2        08FC
_PWM_Duty$859              cstackBANK3  01A4
_PWM_Duty$860              cstackBANK3  01A8
_PWM_init                  text17       16BF
_PWM_init$857              cstackBANK3  01A4
_PWM_init$858              cstackBANK3  01A8
_RB0                       (abs)        0030
_RB1                       (abs)        0031
_RB2                       (abs)        0032
_RB3                       (abs)        0033
_RD0                       (abs)        0040
_RD1                       (abs)        0041
_RD2                       (abs)        0042
_RD3                       (abs)        0043
_RD4                       (abs)        0044
_RD5                       (abs)        0045
_RD6                       (abs)        0046
_RD7                       (abs)        0047
_Read_DTH11                text16       1188
_T2CKPS0                   (abs)        0090
_T2CKPS1                   (abs)        0091
_TMR2ON                    (abs)        0092
_TRISB                     (abs)        0086
_TRISC                     (abs)        0087
_TRISD                     (abs)        0088
_TRISD3                    (abs)        0443
_TTDC                      bitbssBANK1  0760
_VALUE                     bssBANK3     019E
__H__absolute__            __absolute__ 0000
__Habs1                    abs1         0000
__Hbank0                   bank0        0000
__Hbank1                   bank1        0000
__Hbank2                   bank2        0000
__Hbank3                   bank3        0000
__HbitbssBANK0             bitbssBANK0  0000
__HbitbssBANK1             bitbssBANK1  0000
__HbssBANK1                bssBANK1     0000
__HbssBANK3                bssBANK3     0000
__Hcinit                   cinit        0800
__Hclrtext                 clrtext      0000
__Hcode                    code         0000
__Hcommon                  common       0000
__Hconfig                  config       2008
__HcstackBANK0             cstackBANK0  0000
__HcstackBANK1             cstackBANK1  0000
__HcstackBANK3             cstackBANK3  0000
__HcstackCOMMON            cstackCOMMON 0000
__Heeprom_data             eeprom_data  0000
__Hend_init                end_init     0003
__Hfunctab                 functab      0000
__Hidloc                   idloc        2004
__Hinit                    init         0000
__Hintentry                intentry     0000
__Hmaintext                maintext     0000
__Hpowerup                 powerup      0000
__Hram                     ram          0000
__Hreset_vec               reset_vec    0000
__Hsfr0                    sfr0         0000
__Hsfr1                    sfr1         0000
__Hsfr2                    sfr2         0000
__Hsfr3                    sfr3         0000
__Hspace_0                 (abs)        2000
__Hspace_1                 (abs)        0761
__Hspace_2                 (abs)        0000
__Hspace_3                 (abs)        0000
__Hspace_4                 (abs)        400F
__Hstack                   stack        0000
__Hstrings                 strings      0000
__Htext                    text         0000
__L__absolute__            __absolute__ 0000
__Labs1                    abs1         0000
__Lbank0                   bank0        0000
__Lbank1                   bank1        0000
__Lbank2                   bank2        0000
__Lbank3                   bank3        0000
__LbitbssBANK0             bitbssBANK0  0000
__LbitbssBANK1             bitbssBANK1  0000
__LbssBANK1                bssBANK1     0000
__LbssBANK3                bssBANK3     0000
__Lcinit                   cinit        07EB
__Lclrtext                 clrtext      0000
__Lcode                    code         0000
__Lcommon                  common       0000
__Lconfig                  config       0000
__LcstackBANK0             cstackBANK0  0000
__LcstackBANK1             cstackBANK1  0000
__LcstackBANK3             cstackBANK3  0000
__LcstackCOMMON            cstackCOMMON 0000
__Leeprom_data             eeprom_data  0000
__Lend_init                end_init     0000
__Lfunctab                 functab      0000
__Lidloc                   idloc        0000
__Linit                    init         0000
__Lintentry                intentry     0000
__Lmaintext                maintext     0000
__Lpowerup                 powerup      0000
__Lram                     ram          0000
__Lreset_vec               reset_vec    0000
__Lsfr0                    sfr0         0000
__Lsfr1                    sfr1         0000
__Lsfr2                    sfr2         0000
__Lsfr3                    sfr3         0000
__Lspace_0                 (abs)        0000
__Lspace_1                 (abs)        0000
__Lspace_2                 (abs)        0000
__Lspace_3                 (abs)        0000
__Lspace_4                 (abs)        0000
__Lstack                   stack        0000
__Lstrings                 strings      0000
__Ltext                    text         0000
__S0                       (abs)        2000
__S1                       (abs)        01AC
__S3                       (abs)        0000
__Umul8_16                 text30       1CCD
__Umul8_16@multiplicand    cstackCOMMON 0070
__Umul8_16@multiplier      cstackCOMMON 0078
__Umul8_16@product         cstackCOMMON 0074
__Umul8_16@word_mpld       cstackCOMMON 0076
___awdiv                   text6        10A9
___awdiv@counter           cstackCOMMON 0074
___awdiv@dividend          cstackCOMMON 0072
___awdiv@divisor           cstackCOMMON 0070
___awdiv@quotient          cstackCOMMON 0076
___awdiv@sign              cstackCOMMON 0075
___awmod                   text5        1EE7
___awmod@counter           cstackCOMMON 0074
___awmod@dividend          cstackCOMMON 0072
___awmod@divisor           cstackCOMMON 0070
___awmod@sign              cstackCOMMON 0075
___fladd                   text32       0162
___fladd@a                 cstackBANK0  006B
___fladd@aexp              cstackBANK1  00A9
___fladd@b                 cstackBANK0  0067
___fladd@bexp              cstackBANK1  00AA
___fladd@grs               cstackBANK1  00AB
___fladd@signs             cstackBANK1  00A8
___fldiv                   text34       0C2A
___fldiv@a                 cstackBANK0  004D
___fldiv@aexp              cstackBANK0  0066
___fldiv@b                 cstackBANK0  0051
___fldiv@bexp              cstackBANK0  0065
___fldiv@grs               cstackBANK0  0061
___fldiv@new_exp           cstackBANK0  005F
___fldiv@rem               cstackBANK0  005A
___fldiv@sign              cstackBANK0  005E
___fleq                    text24       1E44
___fleq@ff1                cstackBANK0  0020
___fleq@ff2                cstackBANK0  0024
___flge                    text27       1226
___flge@ff1                cstackCOMMON 0070
___flge@ff2                cstackCOMMON 0074
___flmul                   text29       04A6
___flmul@a                 cstackBANK0  0037
___flmul@aexp              cstackBANK0  0041
___flmul@b                 cstackBANK0  0033
___flmul@bexp              cstackBANK0  0046
___flmul@grs               cstackBANK0  0042
___flmul@prod              cstackBANK0  0047
___flmul@sign              cstackBANK0  0040
___flmul@temp              cstackBANK0  004B
___flneg                   text33       1C1B
___flneg@f1                cstackCOMMON 0070
___flsub                   text31       1DF4
___flsub@a                 cstackBANK1  00AC
___flsub@b                 cstackBANK1  00B0
___fltol                   text26       1110
___fltol@exp1              cstackBANK1  00B5
___fltol@f1                cstackBANK1  00AC
___fltol@sign1             cstackBANK1  00B4
___int_sp                  stack        0000
___latbits                 (abs)        0002
___sp                      stack        0000
___stackhi                 (abs)        0000
___stacklo                 (abs)        0000
___wmul                    text15       1CA8
___wmul@multiplicand       cstackCOMMON 0072
___wmul@multiplier         cstackCOMMON 0070
___wmul@product            cstackCOMMON 0074
___xxtofl                  text25       12C8
___xxtofl@arg              cstackCOMMON 007A
___xxtofl@exp              cstackCOMMON 0079
___xxtofl@sign             cstackCOMMON 0078
___xxtofl@val              cstackCOMMON 0070
__end_of_DHT11_start       text38       1D7D
__end_of_LCD_Clear         text10       0813
__end_of_LCD_Gotoxy        text9        1C54
__end_of_LCD_Init          text35       2000
__end_of_LCD_PutChar       text8        10A9
__end_of_LCD_PutString     text7        1CA8
__end_of_LCD_Send4Bit      text37       1EE7
__end_of_LCD_SendCommand   text36       1C3C
__end_of_PWM_Duty          text2        0A6D
__end_of_PWM_init          text17       1800
__end_of_Read_DTH11        text16       1226
__end_of__Umul8_16         text30       1CF4
__end_of___awdiv           text6        1110
__end_of___awmod           text5        1F40
__end_of___fladd           text32       04A6
__end_of___fldiv           text34       0DF9
__end_of___fleq            text24       1E94
__end_of___flge            text27       12C8
__end_of___flmul           text29       07EB
__end_of___flneg           text33       1C26
__end_of___flsub           text31       1E44
__end_of___fltol           text26       1188
__end_of___wmul            text15       1CCD
__end_of___xxtofl          text25       1380
__end_of__initialization   cinit        07FC
__end_of__stringtab        strings      1006
__end_of_check_DOWN        text14       1D4B
__end_of_check_MODE        text13       1D1C
__end_of_check_START_STOP  text12       1C89
__end_of_check_UP          text11       1DAF
__end_of_eval_poly         text28       16BF
__end_of_exp               text20       1000
__end_of_floor             text22       08FC
__end_of_frexp             text23       1F9C
__end_of_hienthi_DHT11     text4        150F
__end_of_hienthi_LCD       text3        1C6D
__end_of_kich_dong_co_quay text1        1DF4
__end_of_ldexp             text21       1440
__end_of_log               text19       0162
__end_of_main              maintext     15E5
__end_of_pow               text18       0C2A
__end_ofexp@coeff          strings      102E
__end_oflog@coeff          strings      1052
__initialization           cinit        07EB
__pbitbssBANK0             bitbssBANK0  0378
__pbitbssBANK1             bitbssBANK1  0760
__pbssBANK1                bssBANK1     00EA
__pbssBANK3                bssBANK3     0190
__pcstackBANK0             cstackBANK0  0020
__pcstackBANK1             cstackBANK1  00A0
__pcstackBANK3             cstackBANK3  01A0
__pcstackCOMMON            cstackCOMMON 0070
__pmaintext                maintext     150F
__pstrings                 strings      1000
__ptext1                   text1        1DAF
__ptext10                  text10       0803
__ptext11                  text11       1D7D
__ptext12                  text12       1C6D
__ptext13                  text13       1CF4
__ptext14                  text14       1D1C
__ptext15                  text15       1CA8
__ptext16                  text16       1188
__ptext17                  text17       16BF
__ptext18                  text18       0A6D
__ptext19                  text19       000C
__ptext2                   text2        08FC
__ptext20                  text20       0DF9
__ptext21                  text21       1380
__ptext22                  text22       0813
__ptext23                  text23       1F40
__ptext24                  text24       1E44
__ptext25                  text25       12C8
__ptext26                  text26       1110
__ptext27                  text27       1226
__ptext28                  text28       15E5
__ptext29                  text29       04A6
__ptext3                   text3        1C54
__ptext30                  text30       1CCD
__ptext31                  text31       1DF4
__ptext32                  text32       0162
__ptext33                  text33       1C1B
__ptext34                  text34       0C2A
__ptext35                  text35       1F9C
__ptext36                  text36       1C26
__ptext37                  text37       1E94
__ptext38                  text38       1D4B
__ptext4                   text4        1440
__ptext5                   text5        1EE7
__ptext6                   text6        10A9
__ptext7                   text7        1C89
__ptext8                   text8        109A
__ptext9                   text9        1C3C
__stringbase               strings      1005
__stringtab                strings      1000
_check_DOWN                text14       1D1C
_check_MODE                text13       1CF4
_check_START_STOP          text12       1C6D
_check_UP                  text11       1D7D
_errno                     bssBANK3     019A
_eval_poly                 text28       15E5
_exp                       text20       0DF9
_exp$863                   cstackBANK1  00C8
_floor                     text22       0813
_frexp                     text23       1F40
_hienthi_DHT11             text4        1440
_hienthi_LCD               text3        1C54
_kich_dong_co_quay         text1        1DAF
_ldexp                     text21       1380
_log                       text19       000C
_main                      maintext     150F
_nd                        bssBANK1     00EA
_pow                       text18       0A6D
_pow$861                   cstackBANK1  00D7
_pow$862                   cstackBANK1  00DB
_st                        bitbssBANK0  0378
btemp                      (abs)        007E
clear_ram0                 clrtext      0004
end_of_initialization      cinit        07FC
eval_poly@d                cstackBANK1  00B0
eval_poly@n                cstackBANK1  00B1
eval_poly@res              cstackBANK1  00B8
eval_poly@x                cstackBANK1  00AC
exp@coeff                  strings      1006
exp@exponent               cstackBANK1  00CC
exp@sign                   cstackBANK1  00CE
exp@x                      cstackBANK1  00C4
floor@expon                cstackBANK1  00BE
floor@i                    cstackBANK1  00BA
floor@x                    cstackBANK1  00B6
frexp@eptr                 cstackBANK0  0030
frexp@value                cstackBANK0  002C
hienthi_DHT11@i            cstackCOMMON 0078
hienthi_DHT11@i_89         cstackCOMMON 007A
intlevel0                  functab      0000
intlevel1                  functab      0000
intlevel2                  functab      0000
intlevel3                  functab      0000
intlevel4                  functab      0000
intlevel5                  functab      0000
ldexp@newexp               cstackBANK1  00C0
ldexp@value                cstackBANK1  00BC
log@coeff                  strings      102E
log@exponent               cstackBANK1  00C0
log@x                      cstackBANK1  00BC
pow@sign                   cstackBANK1  00DF
pow@x                      cstackBANK1  00CF
pow@y                      cstackBANK1  00D3
pow@yi                     cstackBANK1  00E0
reset_vec                  reset_vec    0000
start                      init         0000
start_initialization       cinit        07EB
wtemp0                     (abs)        007E


MODULE INFORMATION

Module		Function		Class		Link	Load	Size
../main.c
		_PWM_Duty      		CODE           	08FC	0000	369
		_check_DOWN    		CODE           	1D1C	0000	47
		_kich_dong_co_quay		CODE           	1DAF	0000	69
		_hienthi_LCD   		CODE           	1C54	0000	25
		_check_START_STOP		CODE           	1C6D	0000	28
		_check_MODE    		CODE           	1CF4	0000	40
		_main          		CODE           	150F	0000	214
		_PWM_init      		CODE           	16BF	0000	321
		_check_UP      		CODE           	1D7D	0000	50

../main.c estimated size: 1163

C:\Program Files\Microchip\xc8\v2.41\pic\sources\c90\common\frexp.c
		_ldexp         		CODE           	1380	0000	192
		_frexp         		CODE           	1F40	0000	92

C:\Program Files\Microchip\xc8\v2.41\pic\sources\c90\common\frexp.c estimated size: 284

C:\Program Files\Microchip\xc8\v2.41\pic\sources\c90\common\sprcmul.c
		___flmul       		CODE           	04A6	0000	837

C:\Program Files\Microchip\xc8\v2.41\pic\sources\c90\common\sprcmul.c estimated size: 837

C:\Program Files\Microchip\xc8\v2.41\pic\sources\c90\common\flge.c
		___flge        		CODE           	1226	0000	162

C:\Program Files\Microchip\xc8\v2.41\pic\sources\c90\common\flge.c estimated size: 162

C:\Program Files\Microchip\xc8\v2.41\pic\sources\c90\common\sprcdiv.c
		___fldiv       		CODE           	0C2A	0000	463

C:\Program Files\Microchip\xc8\v2.41\pic\sources\c90\common\sprcdiv.c estimated size: 463

C:\Program Files\Microchip\xc8\v2.41\pic\sources\c90\common\floor.c
		_floor         		CODE           	0813	0000	233

C:\Program Files\Microchip\xc8\v2.41\pic\sources\c90\common\floor.c estimated size: 233

C:\Program Files\Microchip\xc8\v2.41\pic\sources\c90\common\Umul16.c
		___wmul        		CODE           	1CA8	0000	37

C:\Program Files\Microchip\xc8\v2.41\pic\sources\c90\common\Umul16.c estimated size: 37

C:\Program Files\Microchip\xc8\v2.41\pic\sources\c90\common\awdiv.c
		___awdiv       		CODE           	10A9	0000	103

C:\Program Files\Microchip\xc8\v2.41\pic\sources\c90\common\awdiv.c estimated size: 103

C:\Program Files\Microchip\xc8\v2.41\pic\sources\c90\common\fltol.c
		___fltol       		CODE           	1110	0000	120

C:\Program Files\Microchip\xc8\v2.41\pic\sources\c90\common\fltol.c estimated size: 120

C:\Program Files\Microchip\xc8\v2.41\pic\sources\c90\common\sprcadd.c
		___flsub       		CODE           	1DF4	0000	80
		___fladd       		CODE           	0162	0000	836

C:\Program Files\Microchip\xc8\v2.41\pic\sources\c90\common\sprcadd.c estimated size: 916

C:\Program Files\Microchip\xc8\v2.41\pic\sources\c90\common\exp.c
		_exp           		CODE           	0DF9	0000	519

C:\Program Files\Microchip\xc8\v2.41\pic\sources\c90\common\exp.c estimated size: 519

C:\Program Files\Microchip\xc8\v2.41\pic\sources\c90\common\fleq.c
		___fleq        		CODE           	1E44	0000	80

C:\Program Files\Microchip\xc8\v2.41\pic\sources\c90\common\fleq.c estimated size: 80

C:\Program Files\Microchip\xc8\v2.41\pic\sources\c90\common\xxtofl.c
		___xxtofl      		CODE           	12C8	0000	184

C:\Program Files\Microchip\xc8\v2.41\pic\sources\c90\common\xxtofl.c estimated size: 184

C:\Program Files\Microchip\xc8\v2.41\pic\sources\c90\common\flneg.c
		___flneg       		CODE           	1C1B	0000	11

C:\Program Files\Microchip\xc8\v2.41\pic\sources\c90\common\flneg.c estimated size: 11

../_Library_LCD.h
		_LCD_Init      		CODE           	1F9C	0000	100
		_LCD_Send4Bit  		CODE           	1E94	0000	83
		_LCD_PutChar   		CODE           	109A	0000	15
		_LCD_PutString 		CODE           	1C89	0000	31
		_LCD_Clear     		CODE           	0803	0000	16
		_LCD_Gotoxy    		CODE           	1C3C	0000	24
		_LCD_SendCommand		CODE           	1C26	0000	22

../_Library_LCD.h estimated size: 291

shared
		exp@coeff      		STRING         	1006	0000	40
		__stringtab    		STRING         	1000	0000	6
		__initialization		CODE           	07EB	0000	17
		log@coeff      		STRING         	102E	0000	36

shared estimated size: 99

C:\Program Files\Microchip\xc8\v2.41\pic\sources\c90\common\evalpoly.c
		_eval_poly     		CODE           	15E5	0000	218

C:\Program Files\Microchip\xc8\v2.41\pic\sources\c90\common\evalpoly.c estimated size: 218

C:\Program Files\Microchip\xc8\v2.41\pic\sources\c90\common\Umul8_16.c
		__Umul8_16     		CODE           	1CCD	0000	39

C:\Program Files\Microchip\xc8\v2.41\pic\sources\c90\common\Umul8_16.c estimated size: 39

C:\Program Files\Microchip\xc8\v2.41\pic\sources\c90\common\log.c
		_log           		CODE           	000C	0000	342

C:\Program Files\Microchip\xc8\v2.41\pic\sources\c90\common\log.c estimated size: 342

C:\Program Files\Microchip\xc8\v2.41\pic\sources\c90\common\awmod.c
		___awmod       		CODE           	1EE7	0000	89

C:\Program Files\Microchip\xc8\v2.41\pic\sources\c90\common\awmod.c estimated size: 89

C:\Program Files\Microchip\xc8\v2.41\pic\sources\c90\common\pow.c
		_pow           		CODE           	0A6D	0000	445

C:\Program Files\Microchip\xc8\v2.41\pic\sources\c90\common\pow.c estimated size: 445

../_DHT11.h
		_hienthi_DHT11 		CODE           	1440	0000	207
		_Read_DTH11    		CODE           	1188	0000	158
		_DHT11_start   		CODE           	1D4B	0000	50

../_DHT11.h estimated size: 415

